hello github and golang
